	Command being timed: "/nobackup/pjjg18/revbayes/projects/cmake/build/rb mc3time.Rev"
	User time (seconds): 51.81
	System time (seconds): 0.13
	Percent of CPU this job got: 97%
	Elapsed (wall clock) time (h:mm:ss or m:ss): 0:53.18
	Average shared text size (kbytes): 0
	Average unshared data size (kbytes): 0
	Average stack size (kbytes): 0
	Average total size (kbytes): 0
	Maximum resident set size (kbytes): 146608
	Average resident set size (kbytes): 0
	Major (requiring I/O) page faults: 0
	Minor (reclaiming a frame) page faults: 37989
	Voluntary context switches: 951
	Involuntary context switches: 144
	Swaps: 0
	File system inputs: 824
	File system outputs: 888
	Socket messages sent: 0
	Socket messages received: 0
	Signals delivered: 0
	Page size (bytes): 4096
	Exit status: 0
